******************************************************************************
                  TI ARM Linker PC v18.12.1                    
******************************************************************************
>> Linked Sat Sep  7 09:50:45 2019

OUTPUT FILE NAME:   <test.out>
ENTRY POINT SYMBOL: "_c_int00"  address: 00002ac8


MEMORY CONFIGURATION

         name            origin    length      used     unused   attr    fill
----------------------  --------  ---------  --------  --------  ----  --------
  RAM                   00000020   ffffffe0  0000350a  ffffcad6  RWIX


SEGMENT ALLOCATION MAP

run origin  load origin   length   init length attrs members
----------  ----------- ---------- ----------- ----- -------
00000020    00000020    00002b50   00002b50    r-x
  00000020    00000020    00002b50   00002b50    r-x .text
00002b70    00002b70    00000988   00000000    rw-
  00002b70    00002b70    0000017a   00000000    rw- .bss
  00002cec    00002cec    00000008   00000000    rw- .data
  00002cf8    00002cf8    00000800   00000000    rw- .stack
000034f8    000034f8    00000038   00000038    r--
  000034f8    000034f8    00000038   00000038    r-- .cinit


SECTION ALLOCATION MAP

 output                                  attributes/
section   page    origin      length       input sections
--------  ----  ----------  ----------   ----------------
.text      0    00000020    00002b50     
                  00000020    00001f00     BLMGR.obj (.text)
                  00001f20    000003f4     BLTD.obj (.text)
                  00002314    00000338     CRC.obj (.text)
                  0000264c    000001a0     rtsv4_A_be_eabi.lib : memcpy32.asm.obj (.text)
                  000027ec    000000f0                         : u_div32.asm.obj (.text)
                  000028dc    000000e4     uart_test.obj (.text)
                  000029c0    000000a0     rtsv4_A_be_eabi.lib : copy_decompress_lzss.c.obj (.text:decompress:lzss:__TI_decompress_lzss)
                  00002a60    00000068                         : autoinit.c.obj (.text:__TI_auto_init_nobinit_nopinit:__TI_auto_init_nobinit_nopinit)
                  00002ac8    0000003c                         : boot_non_cortex_m.asm.obj (.text)
                  00002b04    00000020                         : args_main.c.obj (.text:_args_main)
                  00002b24    00000020                         : copy_zero_init.c.obj (.text:decompress:ZI:__TI_zero_init_nomemset:__TI_zero_init_nomemset)
                  00002b44    00000014                         : copy_decompress_none.c.obj (.text:decompress:none:__TI_decompress_none)
                  00002b58    00000008                         : pre_init.c.obj (.text:_system_pre_init)
                  00002b60    00000008                         : exit.c.obj (.text:abort:abort)
                  00002b68    00000004                         : mpu_init.c.obj (.text:__mpu_init)
                  00002b6c    00000004                         : div0.asm.obj (.text)

.bss       0    00002b70    0000017a     UNINITIALIZED
                  00002b70    00000064     BLTD.obj (.bss:BTCommandBuffer1$1)
                  00002bd4    00000064     BLTD.obj (.bss:RxBuffer)
                  00002c38    00000026     BLMGR.obj (.bss)
                  00002c5e    00000024     BLMGR.obj (.bss:BLMGR_DataTxBuffer)
                  00002c82    00000014     BLMGR.obj (.bss:BLMGR_DataRxBuffer)
                  00002c96    00000014     BLMGR.obj (.bss:TempBuffer$1)
                  00002caa    00000014     BLMGR.obj (.bss:TempBuffer1$3)
                  00002cbe    00000014     BLMGR.obj (.bss:TempBuffer82$2)
                  00002cd2    00000008     BLMGR.obj (.bss:BLMGR_RxDevicName)
                  00002cda    00000008     BLMGR.obj (.bss:BLMGR_TxDevicName)
                  00002ce2    00000008     CRC.obj (.bss:InternalBuffer$1)

.data      0    00002cec    00000008     UNINITIALIZED
                  00002cec    00000002     BLMGR_CFG.obj (.data:BlueToothPwrConfig)
                  00002cee    00000002     BLMGR_CFG.obj (.data:BluetoothKeyConfig)
                  00002cf0    00000002     BLMGR_CFG.obj (.data:BuzzerConfig)
                  00002cf2    00000001     BLTD.obj (.data)
                  00002cf3    00000001     uart_test.obj (.data)

.cinit     0    000034f8    00000038     
                  000034f8    0000000d     (.cinit..data.load) [load image, compression = lzss]
                  00003505    00000003     --HOLE-- [fill = 0]
                  00003508    0000000c     (__TI_handler_table)
                  00003514    00000004     --HOLE-- [fill = 0]
                  00003518    00000008     (.cinit..bss.load) [load image, compression = zero_init]
                  00003520    00000010     (__TI_cinit_table)

.init_array 
*          0    00000020    00000000     UNINITIALIZED

.stack     0    00002cf8    00000800     UNINITIALIZED
                  00002cf8    00000800     --HOLE--

MODULE SUMMARY

       Module                       code    ro data   rw data
       ------                       ----    -------   -------
    .\
       BLMGR.obj                    7936    0         170    
       BLTD.obj                     1012    0         201    
       CRC.obj                      824     0         8      
       uart_test.obj                228     0         1      
       BLMGR_CFG.obj                0       0         6      
    +--+----------------------------+-------+---------+---------+
       Total:                       10000   0         386    
                                                             
    C:\ti\ccs901\ccs\tools\compiler\ti-cgt-arm_18.12.1.LTS\lib\rtsv4_A_be_eabi.lib
       memcpy32.asm.obj             416     0         0      
       u_div32.asm.obj              240     0         0      
       copy_decompress_lzss.c.obj   160     0         0      
       autoinit.c.obj               104     0         0      
       boot_non_cortex_m.asm.obj    60      0         0      
       args_main.c.obj              32      0         0      
       copy_zero_init.c.obj         32      0         0      
       copy_decompress_none.c.obj   20      0         0      
       exit.c.obj                   8       0         0      
       pre_init.c.obj               8       0         0      
       div0.asm.obj                 4       0         0      
       mpu_init.c.obj               4       0         0      
    +--+----------------------------+-------+---------+---------+
       Total:                       1088    0         0      
                                                             
       Stack:                       0       0         2048   
       Linker Generated:            0       49        0      
    +--+----------------------------+-------+---------+---------+
       Grand Total:                 11088   49        2434   


LINKER GENERATED COPY TABLES

__TI_cinit_table @ 00003520 records: 2, size/record: 8, table size: 16
	.data: load addr=000034f8, load size=0000000d bytes, run addr=00002cec, run size=00000008 bytes, compression=lzss
	.bss: load addr=00003518, load size=00000008 bytes, run addr=00002b70, run size=0000017a bytes, compression=zero_init


LINKER GENERATED HANDLER TABLE

__TI_handler_table @ 00003508 records: 3, size/record: 4, table size: 12
	index: 0, handler: __TI_decompress_lzss
	index: 1, handler: __TI_decompress_none
	index: 2, handler: __TI_zero_init


GLOBAL SYMBOLS: SORTED ALPHABETICALLY BY Name 

address   name                          
-------   ----                          
00000040  BLMGR_BluetoothInit           
0000009c  BLMGR_BluetoothStateMachine   
000010fc  BLMGR_SetBattLevel            
00000be8  BLMGR_SetDeviceName           
00000bcc  BLMGR_SetReceiver             
00000020  BLMGR_StartDevice             
00000030  BLMGR_Test                    
000020f4  BLTD_CheckForData             
00001f88  BLTD_CheckForResponse         
0000203c  BLTD_GetRecievedData          
00002168  BLTD_SenTestCmd               
00001f20  BLTD_SendInitCmd              
00001f54  BLTD_SendInquireCmd           
0000201c  BLTD_SendMessage              
000020cc  BLTD_StartReceivingData       
00001ffc  BLTD_StartWaitPairing         
00002cec  BlueToothPwrConfig            
00002cee  BluetoothKeyConfig            
00002cf0  BuzzerConfig                  
00002b60  C$$EXIT                       
0000297c  Cyclic30ms                    
UNDEFED   DIO_InitPortDirection         
UNDEFED   DIO_WritePort                 
UNDEFED   GPT_Timer30msInit             
UNDEFED   PWM_Init                      
UNDEFED   PWM_SetSpeed                  
00002314  SECR_CrcPolynomialGenerate    
0000235c  SECR_GnerateCrc               
UNDEFED   SECR_GnerateCrc1              
UNDEFED   UART_GetNumOfRxbytes          
UNDEFED   UART_Init                     
UNDEFED   UART_StartReception           
UNDEFED   UART_StopRception             
UNDEFED   UART_TxBuffer                 
000034f8  __STACK_END                   
00000800  __STACK_SIZE                  
00003520  __TI_CINIT_Base               
00003530  __TI_CINIT_Limit              
00003508  __TI_Handler_Table_Base       
00003514  __TI_Handler_Table_Limit      
00002a60  __TI_auto_init_nobinit_nopinit
000029c0  __TI_decompress_lzss          
00002b44  __TI_decompress_none          
ffffffff  __TI_pprof_out_hndl           
ffffffff  __TI_prof_data_size           
ffffffff  __TI_prof_data_start          
000034f8  __TI_static_base__            
00002b24  __TI_zero_init_nomemset       
00002b6c  __aeabi_idiv0                 
00002b6c  __aeabi_ldiv0                 
0000264c  __aeabi_memcpy                
0000264c  __aeabi_memcpy4               
0000264c  __aeabi_memcpy8               
000027ec  __aeabi_uidiv                 
000027ec  __aeabi_uidivmod              
ffffffff  __binit__                     
ffffffff  __c_args__                    
00002b68  __mpu_init                    
00002cf8  __stack                       
00002b04  _args_main                    
00002ac8  _c_int00                      
UNDEFED   _delay_ms                     
UNDEFED   _system_post_cinit            
00002b58  _system_pre_init              
00002b60  abort                         
ffffffff  binit                         
000028dc  main                          
0000264c  memcpy                        
UNDEFED   rand_                         
UNDEFED   sei                           


GLOBAL SYMBOLS: SORTED BY Symbol Address 

address   name                          
-------   ----                          
00000020  BLMGR_StartDevice             
00000030  BLMGR_Test                    
00000040  BLMGR_BluetoothInit           
0000009c  BLMGR_BluetoothStateMachine   
00000800  __STACK_SIZE                  
00000bcc  BLMGR_SetReceiver             
00000be8  BLMGR_SetDeviceName           
000010fc  BLMGR_SetBattLevel            
00001f20  BLTD_SendInitCmd              
00001f54  BLTD_SendInquireCmd           
00001f88  BLTD_CheckForResponse         
00001ffc  BLTD_StartWaitPairing         
0000201c  BLTD_SendMessage              
0000203c  BLTD_GetRecievedData          
000020cc  BLTD_StartReceivingData       
000020f4  BLTD_CheckForData             
00002168  BLTD_SenTestCmd               
00002314  SECR_CrcPolynomialGenerate    
0000235c  SECR_GnerateCrc               
0000264c  __aeabi_memcpy                
0000264c  __aeabi_memcpy4               
0000264c  __aeabi_memcpy8               
0000264c  memcpy                        
000027ec  __aeabi_uidiv                 
000027ec  __aeabi_uidivmod              
000028dc  main                          
0000297c  Cyclic30ms                    
000029c0  __TI_decompress_lzss          
00002a60  __TI_auto_init_nobinit_nopinit
00002ac8  _c_int00                      
00002b04  _args_main                    
00002b24  __TI_zero_init_nomemset       
00002b44  __TI_decompress_none          
00002b58  _system_pre_init              
00002b60  C$$EXIT                       
00002b60  abort                         
00002b68  __mpu_init                    
00002b6c  __aeabi_idiv0                 
00002b6c  __aeabi_ldiv0                 
00002cec  BlueToothPwrConfig            
00002cee  BluetoothKeyConfig            
00002cf0  BuzzerConfig                  
00002cf8  __stack                       
000034f8  __STACK_END                   
000034f8  __TI_static_base__            
00003508  __TI_Handler_Table_Base       
00003514  __TI_Handler_Table_Limit      
00003520  __TI_CINIT_Base               
00003530  __TI_CINIT_Limit              
ffffffff  __TI_pprof_out_hndl           
ffffffff  __TI_prof_data_size           
ffffffff  __TI_prof_data_start          
ffffffff  __binit__                     
ffffffff  __c_args__                    
ffffffff  binit                         
UNDEFED   DIO_InitPortDirection         
UNDEFED   DIO_WritePort                 
UNDEFED   GPT_Timer30msInit             
UNDEFED   PWM_Init                      
UNDEFED   PWM_SetSpeed                  
UNDEFED   SECR_GnerateCrc1              
UNDEFED   UART_GetNumOfRxbytes          
UNDEFED   UART_Init                     
UNDEFED   UART_StartReception           
UNDEFED   UART_StopRception             
UNDEFED   UART_TxBuffer                 
UNDEFED   _delay_ms                     
UNDEFED   _system_post_cinit            
UNDEFED   rand_                         
UNDEFED   sei                           

[70 symbols]
